[year]_[authorsAlpha]_[firstpage].pdf	2003_vHvK_209.pdf
