[year]_[auth:lower]_[pages].pdf	2003_hippel_209--223.pdf
