[year]_[authFirstFull]_[firstpage].pdf	2003_vonHippel_209.pdf
