[year]_[auth]_[pages].pdf	2003_Hippel_209--223.pdf
