[year]_[authshort]_[firstpage].pdf	2003_HK_209.pdf
