[year]_[auth:lower]_[pages].pdf	2009_gra≈æulis_726--729.pdf
