[year]_[author]_[pages].pdf	2003_Eric von Hippel and Georg von Krogh_209--223.pdf
