[year]_[authForeIni]_[firstpage].pdf	2003_E_209.pdf
