[year]_[auth]_[pages].pdf	2009_GraÅ¾ulis_726--729.pdf
